

Version:	3.50
CmdLine:	C:\Users\panka\Desktop\java project\Flappy Bird\FlappyBirdGame.exe --l4j-debug
JNI:		No
WOW64:		Yes
Working dir:	C:\Users\panka\Desktop\java project\Flappy Bird\.
Requires JDK:	Yes
Requires 64-Bit: No
Java min ver:	1.008.000
Java max ver:	
JRE paths:	C:\Program Files\Java\jdk-17
Check launcher:	C:\Program Files\Java\jdk-17\bin\javaw.exe (OK)
Check javac:	C:\Program Files\Java\jdk-17\bin\javac.exe (OK)
Version string: 1.017.000_012 / 64-Bit (OK)
Main class:	FlappyBird
Info:		Classpath not defined.
Launcher:	C:\Program Files\Java\jdk-17\bin\javaw.exe
Launcher args:	-classpath "C:\Users\panka\Desktop\java project\Flappy Bird\FlappyBirdGame.exe" FlappyBird
Args length:	90/32768 chars
Exit code:	0


Version:	3.50
CmdLine:	C:\Users\panka\Desktop\java project\Flappy Bird\FlappyBirdGame.exe --l4j-debug
JNI:		No
WOW64:		Yes
Working dir:	C:\Users\panka\Desktop\java project\Flappy Bird\.
Requires JDK:	Yes
Requires 64-Bit: No
Java min ver:	1.008.000
Java max ver:	
JRE paths:	C:\Program Files\Java\jdk-17
Check launcher:	C:\Program Files\Java\jdk-17\bin\javaw.exe (OK)
Check javac:	C:\Program Files\Java\jdk-17\bin\javac.exe (OK)
Version string: 1.017.000_012 / 64-Bit (OK)
Main class:	FlappyBird
Info:		Classpath not defined.
Launcher:	C:\Program Files\Java\jdk-17\bin\javaw.exe
Launcher args:	-classpath "C:\Users\panka\Desktop\java project\Flappy Bird\FlappyBirdGame.exe" FlappyBird
Args length:	90/32768 chars
Exit code:	0


Version:	3.50
CmdLine:	C:\Users\panka\Desktop\java project\Flappy Bird\FlappyBirdGame.exe --l4j-debug
JNI:		No
WOW64:		Yes
Working dir:	C:\Users\panka\Desktop\java project\Flappy Bird\.
Requires JDK:	Yes
Requires 64-Bit: No
Java min ver:	1.008.000
Java max ver:	
JRE paths:	C:\Program Files\Java\jdk-17
Check launcher:	C:\Program Files\Java\jdk-17\bin\javaw.exe (OK)
Check javac:	C:\Program Files\Java\jdk-17\bin\javac.exe (OK)
Version string: 1.017.000_012 / 64-Bit (OK)
Main class:	FlappyBird
Info:		Classpath not defined.
Launcher:	C:\Program Files\Java\jdk-17\bin\javaw.exe
Launcher args:	-classpath "C:\Users\panka\Desktop\java project\Flappy Bird\FlappyBirdGame.exe" FlappyBird
Args length:	90/32768 chars
Exit code:	0


Version:	3.50
CmdLine:	C:\Users\panka\Desktop\java project\Flappy Bird\FlappyBirdGame.exe --l4j-debug
JNI:		No
WOW64:		Yes
Working dir:	C:\Users\panka\Desktop\java project\Flappy Bird\.
Requires JDK:	Yes
Requires 64-Bit: No
Java min ver:	1.008.000
Java max ver:	
JRE paths:	C:\Program Files\Java\jdk-17
Check launcher:	C:\Program Files\Java\jdk-17\bin\javaw.exe (OK)
Check javac:	C:\Program Files\Java\jdk-17\bin\javac.exe (OK)
Version string: 1.017.000_012 / 64-Bit (OK)
Main class:	FlappyBird
Info:		Classpath not defined.
Launcher:	C:\Program Files\Java\jdk-17\bin\javaw.exe
Launcher args:	-classpath "C:\Users\panka\Desktop\java project\Flappy Bird\FlappyBirdGame.exe" FlappyBird
Args length:	90/32768 chars
Exit code:	0


Version:	3.50
CmdLine:	C:\Users\panka\Desktop\java project\Flappy Bird\FlappyBirdGame.exe --l4j-debug
JNI:		No
WOW64:		Yes
Working dir:	C:\Users\panka\Desktop\java project\Flappy Bird\.
Requires JDK:	Yes
Requires 64-Bit: No
Java min ver:	1.008.000
Java max ver:	
JRE paths:	C:\Program Files\Java\jdk-17
Check launcher:	C:\Program Files\Java\jdk-17\bin\javaw.exe (OK)
Check javac:	C:\Program Files\Java\jdk-17\bin\javac.exe (OK)
Version string: 1.017.000_012 / 64-Bit (OK)
Main class:	FlappyBird
Info:		Classpath not defined.
Launcher:	C:\Program Files\Java\jdk-17\bin\javaw.exe
Launcher args:	-classpath "C:\Users\panka\Desktop\java project\Flappy Bird\FlappyBirdGame.exe" FlappyBird
Args length:	90/32768 chars
Exit code:	0
